[2022-07-29 04:38:09,047]^;INFO^;224^;_internal.py^;_log()^; * Running on http://127.0.0.1:5000 (Press CTRL+C to quit)
[2022-07-29 04:38:27,351]^;INFO^;111^;app.py^;predict()^;predict called 
[2022-07-29 04:38:28,073]^;INFO^;224^;_internal.py^;_log()^;127.0.0.1 - - [29/Jul/2022 04:38:28] "GET /predict HTTP/1.1" 200 -
[2022-07-29 04:38:28,197]^;INFO^;224^;_internal.py^;_log()^;127.0.0.1 - - [29/Jul/2022 04:38:28] "[36mGET /static/styles.css HTTP/1.1[0m" 304 -
[2022-07-29 04:38:28,216]^;INFO^;224^;_internal.py^;_log()^;127.0.0.1 - - [29/Jul/2022 04:38:28] "[36mGET /static/logoimage.png HTTP/1.1[0m" 304 -
[2022-07-29 04:38:37,665]^;INFO^;111^;app.py^;predict()^;predict called 
[2022-07-29 04:38:37,680]^;ERROR^;1456^;app.py^;log_exception()^;Exception on /predict [POST]
Traceback (most recent call last):
  File "app.py", line 125, in predict
    Item_Visibility = float(request.form['Item_Visibility'])
ValueError: could not convert string to float: 

During handling of the above exception, another exception occurred:

Traceback (most recent call last):
  File "C:\fullstackdatascience\ineuron project\ML_StoreSales\venv\lib\site-packages\flask\app.py", line 2077, in wsgi_app
    response = self.full_dispatch_request()
  File "C:\fullstackdatascience\ineuron project\ML_StoreSales\venv\lib\site-packages\flask\app.py", line 1525, in full_dispatch_request
    rv = self.handle_user_exception(e)
  File "C:\fullstackdatascience\ineuron project\ML_StoreSales\venv\lib\site-packages\flask\app.py", line 1523, in full_dispatch_request
    rv = self.dispatch_request()
  File "C:\fullstackdatascience\ineuron project\ML_StoreSales\venv\lib\site-packages\flask\app.py", line 1509, in dispatch_request
    return self.ensure_sync(self.view_functions[rule.endpoint])(**req.view_args)
  File "app.py", line 175, in predict
    raise HousingException(e , sys)
mlstoresales.exception.HousingException: Error occured in script: [app.py] at line number: [175] error message: [could not convert string to float: ]
[2022-07-29 04:38:37,697]^;INFO^;224^;_internal.py^;_log()^;127.0.0.1 - - [29/Jul/2022 04:38:37] "[35m[1mPOST /predict HTTP/1.1[0m" 500 -
[2022-07-29 04:39:06,353]^;INFO^;111^;app.py^;predict()^;predict called 
[2022-07-29 04:39:06,367]^;INFO^;143^;app.py^;predict()^;prediction_data: <mlstoresales.entity.predictor.Prediction_Data object at 0x0000024B0E48E6D8>
[2022-07-29 04:39:06,745]^;INFO^;164^;app.py^;predict()^;app_predictor: <mlstoresales.entity.predictor.App_predictor object at 0x0000024B0E3C7748>
[2022-07-29 04:39:07,214]^;INFO^;224^;_internal.py^;_log()^;127.0.0.1 - - [29/Jul/2022 04:39:07] "POST /predict HTTP/1.1" 200 -
[2022-07-29 04:39:07,305]^;INFO^;224^;_internal.py^;_log()^;127.0.0.1 - - [29/Jul/2022 04:39:07] "[36mGET /static/styles.css HTTP/1.1[0m" 304 -
[2022-07-29 04:39:07,309]^;INFO^;224^;_internal.py^;_log()^;127.0.0.1 - - [29/Jul/2022 04:39:07] "[36mGET /static/logoimage.png HTTP/1.1[0m" 304 -
